2026-05-18T05:47:13.311Z error GET /api/products/getFewData 304 7ms
2026-05-18T05:47:13.316Z error GET /api/products/getFewData 304 4ms
2026-05-18T05:47:22.937Z error GET /api/products/getFewData 304 4ms
2026-05-18T05:47:22.942Z error GET /api/products/getFewData 304 4ms
2026-05-18T05:47:22.984Z error GET /api/carts/getCart/69fc393fff7a26e8ae6af24c 304 4ms
2026-05-18T05:48:41.265Z error GET /api/carts/getCart/69fc393fff7a26e8ae6af24c 304 26ms
2026-05-18T05:48:41.275Z error GET /api/carts/getCart/69fc393fff7a26e8ae6af24c 304 8ms
2026-05-18T05:48:42.032Z error GET /api/carts/getCart/69fc393fff7a26e8ae6af24c 304 6ms
2026-05-18T05:48:42.039Z error GET /api/carts/getCart/69fc393fff7a26e8ae6af24c 304 6ms
2026-05-18T05:48:42.046Z error GET /api/carts/getCart/69fc393fff7a26e8ae6af24c 304 6ms
2026-05-18T05:48:42.052Z error GET /api/carts/getCart/69fc393fff7a26e8ae6af24c 304 5ms
2026-05-18T05:48:42.452Z error GET /api/carts/getCart/69fc393fff7a26e8ae6af24c 304 5ms
2026-05-18T05:48:42.460Z error GET /api/carts/getCart/69fc393fff7a26e8ae6af24c 304 7ms
2026-05-18T05:48:42.466Z error GET /api/carts/getCart/69fc393fff7a26e8ae6af24c 304 4ms
2026-05-18T05:48:42.472Z error GET /api/carts/getCart/69fc393fff7a26e8ae6af24c 304 5ms
2026-05-18T05:48:43.982Z error GET /api/carts/getCart/69fc393fff7a26e8ae6af24c 304 5ms
2026-05-18T05:48:43.990Z error GET /api/carts/getCart/69fc393fff7a26e8ae6af24c 304 7ms
2026-05-18T05:48:43.996Z error GET /api/carts/getCart/69fc393fff7a26e8ae6af24c 304 5ms
2026-05-18T05:48:44.001Z error GET /api/carts/getCart/69fc393fff7a26e8ae6af24c 304 4ms
2026-05-18T05:53:56.512Z error POST /api/orderHistory/failedOrder 500 48ms
2026-05-18T05:54:28.701Z error GET /api/carts/getCart/69fc393fff7a26e8ae6af24c 304 26ms
2026-05-18T05:54:28.706Z error GET /api/products/getFewData 304 66ms
2026-05-18T05:54:28.713Z error GET /api/products/getFewData 304 6ms
2026-05-18T05:54:49.784Z error GET /api/products/getAllProduct?page=1&category=&price=&search=&count=5 304 8ms
2026-05-18T05:54:49.803Z error GET /api/carts/getCart/69fc393fff7a26e8ae6af24c 304 7ms
2026-05-18T05:54:52.933Z error GET /api/carts/getCart/69fc393fff7a26e8ae6af24c 304 5ms
2026-05-18T05:54:52.939Z error GET /api/carts/getCart/69fc393fff7a26e8ae6af24c 304 5ms
2026-05-18T05:55:08.831Z error GET /api/products/getAdminDashBoardDatas?startDates=5/18/2026&endDates=5/18/2026 304 22ms
2026-05-18T05:55:17.745Z error GET /api/products/getAllProducts?page=1&category=&price=&search=&count=5 304 9ms
2026-05-18T05:55:20.671Z error GET /api/consumers/getAllConsumers?page=1&count=5&search=&category= 304 9ms
